// Jest Snapshot v1, https://goo.gl/fbAQLP

exports[`Context Component 1--Context component renders without crashing  1`] = `
<div>
  <div>
    <span
      data-testid="firstName"
    />
    <span
      data-testid="lastName"
    />
    <span
      data-testid="email"
    />
    <span
      data-testid="phone"
    />
    <span
      data-testid="country"
    />
    <span
      data-testid="age"
    />
    <span
      data-testid="street"
    />
    <span
      data-testid="town"
    />
    <span
      data-testid="postcode"
    />
    <span
      data-testid="visits"
    >
      0
    </span>
    <button
      data-testid="submit"
    >
      Submit
    </button>
  </div>
</div>
`;
