// Jest Snapshot v1, https://goo.gl/fbAQLP

exports[`Form component renders without crashing  1`] = `
<div>
  <div>
    <form>
      <input
        name="firstName"
        placeholder="First Name"
        type="text"
        value=""
      />
      <input
        name="lastName"
        placeholder="Last Name"
        type="text"
        value=""
      />
      <input
        name="email"
        placeholder="email"
        type="email"
        value=""
      />
      <input
        name="phone"
        placeholder="phone"
        type="text"
        value=""
      />
      <select
        id="country"
        name="country"
      >
        <option
          value="India"
        >
          India
        </option>
        <option
          value="Australia"
        >
          Australia
        </option>
        <option
          value="Europa"
        >
          Europa
        </option>
        <option
          value="japan"
        >
          japan
        </option>
      </select>
      <input
        name="age"
        placeholder="age"
        type="text"
        value=""
      />
      <input
        name="street"
        placeholder="street"
        type="text"
        value=""
      />
      <input
        name="town"
        placeholder="town"
        type="text"
        value=""
      />
      <input
        name="postcode"
        placeholder="postcode"
        type="text"
        value=""
      />
      <input
        id="visits"
        name="visits"
        readonly=""
        type="text"
        value=""
      />
      <div>
        Increment
      </div>
      <div>
        decrement
      </div>
      <button
        type="submit"
      >
        Submit
      </button>
    </form>
  </div>
</div>
`;
