// Jest Snapshot v1, https://goo.gl/fbAQLP

exports[`View component 1--Renders submitted data correctly 1`] = `
<div>
  <div>
    <div>
      <h2>
        View Component
      </h2>
      <ul>
        <li>
          Name: 
          John
           
          Doe
          , Email: 
          john@example.com
          , Phone:
           
          123456789
          ,age: 
          25
           ,country: 
          USA
          , address :
           
          st1
          tw1
          1234
          Visits: 
          34
        </li>
        <li>
          Name: 
          Alice
           
          Smith
          , Email: 
          alice@example.com
          , Phone:
           
          987654321
          ,age: 
          25
           ,country: 
          Canada
          , address :
           
          st1
          tw1
          1234
          Visits: 
          34
        </li>
      </ul>
    </div>
  </div>
</div>
`;

exports[`View component 2--View component when no data is submitted   1`] = `
<div>
  <div>
    <div>
      <h2>
        View Component
      </h2>
      <ul />
    </div>
  </div>
</div>
`;
